------------------------------------------------------------
Timing Analyzer Summary
------------------------------------------------------------

Type  : Slow 1000mV 100C Model Setup 'input_clk'
Slack : 1.245
TNS   : 0.000

Type  : Slow 1000mV 100C Model Setup 'output_clk'
Slack : 7.890
TNS   : 0.000

Type  : Slow 1000mV 100C Model Hold 'input_clk'
Slack : 0.319
TNS   : 0.000

Type  : Slow 1000mV 100C Model Hold 'output_clk'
Slack : 2.551
TNS   : 0.000

Type  : Slow 1000mV 100C Model Minimum Pulse Width 'input_clk'
Slack : 6.446
TNS   : 0.000

Type  : Slow 1000mV 100C Model Minimum Pulse Width 'output_clk'
Slack : 9.026
TNS   : 0.000

Type  : Slow 1000mV -40C Model Setup 'input_clk'
Slack : 2.036
TNS   : 0.000

Type  : Slow 1000mV -40C Model Setup 'output_clk'
Slack : 8.030
TNS   : 0.000

Type  : Slow 1000mV -40C Model Hold 'input_clk'
Slack : 0.456
TNS   : 0.000

Type  : Slow 1000mV -40C Model Hold 'output_clk'
Slack : 2.314
TNS   : 0.000

Type  : Slow 1000mV -40C Model Minimum Pulse Width 'input_clk'
Slack : 6.382
TNS   : 0.000

Type  : Slow 1000mV -40C Model Minimum Pulse Width 'output_clk'
Slack : 9.026
TNS   : 0.000

Type  : Fast 1000mV -40C Model Setup 'input_clk'
Slack : 6.831
TNS   : 0.000

Type  : Fast 1000mV -40C Model Setup 'output_clk'
Slack : 10.089
TNS   : 0.000

Type  : Fast 1000mV -40C Model Hold 'input_clk'
Slack : 0.254
TNS   : 0.000

Type  : Fast 1000mV -40C Model Hold 'output_clk'
Slack : 1.404
TNS   : 0.000

Type  : Fast 1000mV -40C Model Minimum Pulse Width 'input_clk'
Slack : 6.166
TNS   : 0.000

Type  : Fast 1000mV -40C Model Minimum Pulse Width 'output_clk'
Slack : 9.470
TNS   : 0.000

------------------------------------------------------------
